src/components/features/questions/DragDropConfig.tsx(122,17): error TS2339: Property 'options' does not exist on type 'FieldErrors<{ text: string; difficulty: "easy" | "medium" | "hard"; moduleId: string; categoryIds: string[]; tagIds: string[]; type: "mcq"; options: { id: string; text: string; isCorrect?: boolean | undefined; media?: { ...; } | undefined; }[]; correctAnswer: string; solutionVideoUrl?: string | undefined; } | ... 6 ...'.
  Property 'options' does not exist on type 'Partial<FieldErrorsImpl<{ text: string; difficulty: NonNullable<"easy" | "medium" | "hard">; moduleId: string; categoryIds: string[]; tagIds: string[]; type: "yes-no"; correctAnswer: NonNullable<"Yes" | "No">; solutionVideoUrl: string; }>> & { ...; }'.
src/components/features/questions/DragDropConfig.tsx(123,61): error TS2339: Property 'options' does not exist on type 'FieldErrors<{ text: string; difficulty: "easy" | "medium" | "hard"; moduleId: string; categoryIds: string[]; tagIds: string[]; type: "mcq"; options: { id: string; text: string; isCorrect?: boolean | undefined; media?: { ...; } | undefined; }[]; correctAnswer: string; solutionVideoUrl?: string | undefined; } | ... 6 ...'.
  Property 'options' does not exist on type 'Partial<FieldErrorsImpl<{ text: string; difficulty: NonNullable<"easy" | "medium" | "hard">; moduleId: string; categoryIds: string[]; tagIds: string[]; type: "yes-no"; correctAnswer: NonNullable<"Yes" | "No">; solutionVideoUrl: string; }>> & { ...; }'.
